=== run_remaining.sh START Mon Aug 10 10:06:11 AM +06 2026 ===
--- run_adam.sh Mon Aug 10 10:06:11 AM +06 2026 ---
SKIP (already complete): baseline_cifar10_resnet18_Adam_seed0
SKIP (already complete): ies_shipped_cifar10_resnet18_Adam_seed0
SKIP (already complete): ies_alg1_cifar10_resnet18_Adam_seed0
SKIP (already complete): tgies_cifar10_resnet18_Adam_seed0
RUN_ADAM_ALL_DONE Mon Aug 10 10:06:11 AM +06 2026
--- run_vgg16_seeds.sh Mon Aug 10 10:06:11 AM +06 2026 ---
SKIP (already complete): baseline_cifar10_vgg16_SGD_exponential_learning_rate_seed1
SKIP (already complete): ies_shipped_cifar10_vgg16_SGD_exponential_learning_rate_seed1
SKIP (already complete): ies_alg1_cifar10_vgg16_SGD_exponential_learning_rate_seed1
SKIP (already complete): tgies_cifar10_vgg16_SGD_exponential_learning_rate_seed1
SKIP (already complete): baseline_cifar10_vgg16_SGD_exponential_learning_rate_seed2
SKIP (already complete): ies_shipped_cifar10_vgg16_SGD_exponential_learning_rate_seed2
SKIP (already complete): ies_alg1_cifar10_vgg16_SGD_exponential_learning_rate_seed2
SKIP (already complete): tgies_cifar10_vgg16_SGD_exponential_learning_rate_seed2
RUN_VGG16SEEDS_ALL_DONE Mon Aug 10 10:06:11 AM +06 2026
--- run_resnetfixed_seeds.sh Mon Aug 10 10:06:11 AM +06 2026 ---
=== RUN: baseline_cifar10_resnet18_SGD_fixed_learning_rate_seed1 Mon Aug 10 10:06:11 AM +06 2026 ===
=== DONE: baseline_cifar10_resnet18_SGD_fixed_learning_rate_seed1 exit=0 Mon Aug 10 10:21:13 AM +06 2026 ===
=== RUN: ies_shipped_cifar10_resnet18_SGD_fixed_learning_rate_seed1 Mon Aug 10 10:21:13 AM +06 2026 ===
=== DONE: ies_shipped_cifar10_resnet18_SGD_fixed_learning_rate_seed1 exit=0 Mon Aug 10 10:33:05 AM +06 2026 ===
=== RUN: ies_alg1_cifar10_resnet18_SGD_fixed_learning_rate_seed1 Mon Aug 10 10:33:05 AM +06 2026 ===
=== DONE: ies_alg1_cifar10_resnet18_SGD_fixed_learning_rate_seed1 exit=0 Mon Aug 10 10:44:36 AM +06 2026 ===
=== RUN: tgies_cifar10_resnet18_SGD_fixed_learning_rate_seed1 Mon Aug 10 10:44:36 AM +06 2026 ===
=== DONE: tgies_cifar10_resnet18_SGD_fixed_learning_rate_seed1 exit=0 Mon Aug 10 10:58:04 AM +06 2026 ===
=== RUN: baseline_cifar10_resnet18_SGD_fixed_learning_rate_seed2 Mon Aug 10 10:58:04 AM +06 2026 ===
=== DONE: baseline_cifar10_resnet18_SGD_fixed_learning_rate_seed2 exit=0 Mon Aug 10 11:13:14 AM +06 2026 ===
=== RUN: ies_shipped_cifar10_resnet18_SGD_fixed_learning_rate_seed2 Mon Aug 10 11:13:14 AM +06 2026 ===
=== DONE: ies_shipped_cifar10_resnet18_SGD_fixed_learning_rate_seed2 exit=0 Mon Aug 10 11:25:16 AM +06 2026 ===
=== RUN: ies_alg1_cifar10_resnet18_SGD_fixed_learning_rate_seed2 Mon Aug 10 11:25:16 AM +06 2026 ===
=== DONE: ies_alg1_cifar10_resnet18_SGD_fixed_learning_rate_seed2 exit=0 Mon Aug 10 11:36:57 AM +06 2026 ===
=== RUN: tgies_cifar10_resnet18_SGD_fixed_learning_rate_seed2 Mon Aug 10 11:36:57 AM +06 2026 ===
=== DONE: tgies_cifar10_resnet18_SGD_fixed_learning_rate_seed2 exit=0 Mon Aug 10 11:50:27 AM +06 2026 ===
RUN_RESNETFIXEDSEEDS_ALL_DONE Mon Aug 10 11:50:27 AM +06 2026
--- run_densenet.sh Mon Aug 10 11:50:27 AM +06 2026 ---
=== RUN: baseline_cifar10_densenet121_SGD_exponential_learning_rate_seed0 Mon Aug 10 11:50:27 AM +06 2026 ===
=== DONE: baseline_cifar10_densenet121_SGD_exponential_learning_rate_seed0 exit=0 Mon Aug 10 12:42:37 PM +06 2026 ===
=== RUN: ies_shipped_cifar10_densenet121_SGD_exponential_learning_rate_seed0 Mon Aug 10 12:42:37 PM +06 2026 ===
=== DONE: ies_shipped_cifar10_densenet121_SGD_exponential_learning_rate_seed0 exit=0 Mon Aug 10 01:20:28 PM +06 2026 ===
=== RUN: ies_alg1_cifar10_densenet121_SGD_exponential_learning_rate_seed0 Mon Aug 10 01:20:28 PM +06 2026 ===
=== DONE: ies_alg1_cifar10_densenet121_SGD_exponential_learning_rate_seed0 exit=0 Mon Aug 10 01:57:12 PM +06 2026 ===
=== RUN: tgies_cifar10_densenet121_SGD_exponential_learning_rate_seed0 Mon Aug 10 01:57:12 PM +06 2026 ===
