=== run_remaining.sh START Sun Aug  9 09:50:47 AM +06 2026 ===
--- run_adam.sh Sun Aug  9 09:50:47 AM +06 2026 ---
SKIP (already complete): baseline_cifar10_resnet18_Adam_seed0
SKIP (already complete): ies_shipped_cifar10_resnet18_Adam_seed0
SKIP (already complete): ies_alg1_cifar10_resnet18_Adam_seed0
SKIP (already complete): tgies_cifar10_resnet18_Adam_seed0
RUN_ADAM_ALL_DONE Sun Aug  9 09:50:47 AM +06 2026
--- run_vgg16_seeds.sh Sun Aug  9 09:50:47 AM +06 2026 ---
SKIP (already complete): baseline_cifar10_vgg16_SGD_exponential_learning_rate_seed1
SKIP (already complete): ies_shipped_cifar10_vgg16_SGD_exponential_learning_rate_seed1
=== RUN: ies_alg1_cifar10_vgg16_SGD_exponential_learning_rate_seed1 Sun Aug  9 09:50:47 AM +06 2026 ===
=== DONE: ies_alg1_cifar10_vgg16_SGD_exponential_learning_rate_seed1 exit=0 Sun Aug  9 10:01:30 AM +06 2026 ===
=== RUN: tgies_cifar10_vgg16_SGD_exponential_learning_rate_seed1 Sun Aug  9 10:01:30 AM +06 2026 ===
=== DONE: tgies_cifar10_vgg16_SGD_exponential_learning_rate_seed1 exit=0 Sun Aug  9 10:11:30 AM +06 2026 ===
=== RUN: baseline_cifar10_vgg16_SGD_exponential_learning_rate_seed2 Sun Aug  9 10:11:30 AM +06 2026 ===
=== DONE: baseline_cifar10_vgg16_SGD_exponential_learning_rate_seed2 exit=0 Sun Aug  9 10:25:00 AM +06 2026 ===
=== RUN: ies_shipped_cifar10_vgg16_SGD_exponential_learning_rate_seed2 Sun Aug  9 10:25:00 AM +06 2026 ===
=== DONE: ies_shipped_cifar10_vgg16_SGD_exponential_learning_rate_seed2 exit=0 Sun Aug  9 10:36:21 AM +06 2026 ===
=== RUN: ies_alg1_cifar10_vgg16_SGD_exponential_learning_rate_seed2 Sun Aug  9 10:36:21 AM +06 2026 ===
=== DONE: ies_alg1_cifar10_vgg16_SGD_exponential_learning_rate_seed2 exit=0 Sun Aug  9 10:47:19 AM +06 2026 ===
=== RUN: tgies_cifar10_vgg16_SGD_exponential_learning_rate_seed2 Sun Aug  9 10:47:19 AM +06 2026 ===
=== DONE: tgies_cifar10_vgg16_SGD_exponential_learning_rate_seed2 exit=0 Sun Aug  9 10:57:25 AM +06 2026 ===
RUN_VGG16SEEDS_ALL_DONE Sun Aug  9 10:57:25 AM +06 2026
--- run_resnetfixed_seeds.sh Sun Aug  9 10:57:25 AM +06 2026 ---
=== RUN: baseline_cifar10_resnet18_SGD_fixed_learning_rate_seed1 Sun Aug  9 10:57:25 AM +06 2026 ===
