=== run_lr_sweep.sh START Thu Aug 27 04:49:58 PM +06 2026 ===
########## SGD_linear_learning_rate ##########
=== RUN: baseline_cifar10_resnet18_SGD_linear_learning_rate_seed0 Thu Aug 27 04:49:58 PM +06 2026 ===
=== DONE: baseline_cifar10_resnet18_SGD_linear_learning_rate_seed0 exit=0 Thu Aug 27 05:05:11 PM +06 2026 ===
=== RUN: ies_shipped_cifar10_resnet18_SGD_linear_learning_rate_seed0 Thu Aug 27 05:05:11 PM +06 2026 ===
=== DONE: ies_shipped_cifar10_resnet18_SGD_linear_learning_rate_seed0 exit=0 Thu Aug 27 05:19:27 PM +06 2026 ===
=== RUN: ies_alg1_cifar10_resnet18_SGD_linear_learning_rate_seed0 Thu Aug 27 05:19:27 PM +06 2026 ===
=== RESUME run_p2_p3 chain Sun Aug 30 09:53:37 AM +06 2026 ===
=== run_lr_sweep.sh START Sun Aug 30 09:53:37 AM +06 2026 ===
########## SGD_linear_learning_rate ##########
SKIP (already complete): baseline_cifar10_resnet18_SGD_linear_learning_rate_seed0 Sun Aug 30 09:53:37 AM +06 2026
SKIP (already complete): ies_shipped_cifar10_resnet18_SGD_linear_learning_rate_seed0 Sun Aug 30 09:53:37 AM +06 2026
=== RUN: ies_alg1_cifar10_resnet18_SGD_linear_learning_rate_seed0 Sun Aug 30 09:53:37 AM +06 2026 ===
=== run_p2_p3_chain.sh START Sun Aug 30 11:04:50 AM +06 2026 ===
=== run_lr_sweep.sh START Sun Aug 30 11:04:50 AM +06 2026 ===
########## SGD_linear_learning_rate ##########
SKIP (already complete): baseline_cifar10_resnet18_SGD_linear_learning_rate_seed0 Sun Aug 30 11:04:50 AM +06 2026
SKIP (already complete): ies_shipped_cifar10_resnet18_SGD_linear_learning_rate_seed0 Sun Aug 30 11:04:50 AM +06 2026
=== RUN: ies_alg1_cifar10_resnet18_SGD_linear_learning_rate_seed0 Sun Aug 30 11:04:50 AM +06 2026 ===
=== DONE: ies_alg1_cifar10_resnet18_SGD_linear_learning_rate_seed0 exit=0 Sun Aug 30 11:18:30 AM +06 2026 ===
=== RUN: tgies_cifar10_resnet18_SGD_linear_learning_rate_seed0 Sun Aug 30 11:18:30 AM +06 2026 ===
=== DONE: tgies_cifar10_resnet18_SGD_linear_learning_rate_seed0 exit=0 Sun Aug 30 11:31:33 AM +06 2026 ===
########## SGD_step_learning_rate ##########
=== RUN: baseline_cifar10_resnet18_SGD_step_learning_rate_seed0 Sun Aug 30 11:31:33 AM +06 2026 ===
=== DONE: baseline_cifar10_resnet18_SGD_step_learning_rate_seed0 exit=0 Sun Aug 30 11:46:43 AM +06 2026 ===
=== RUN: ies_shipped_cifar10_resnet18_SGD_step_learning_rate_seed0 Sun Aug 30 11:46:43 AM +06 2026 ===
=== DONE: ies_shipped_cifar10_resnet18_SGD_step_learning_rate_seed0 exit=0 Sun Aug 30 12:00:16 PM +06 2026 ===
=== RUN: ies_alg1_cifar10_resnet18_SGD_step_learning_rate_seed0 Sun Aug 30 12:00:16 PM +06 2026 ===
=== DONE: ies_alg1_cifar10_resnet18_SGD_step_learning_rate_seed0 exit=0 Sun Aug 30 12:13:23 PM +06 2026 ===
=== RUN: tgies_cifar10_resnet18_SGD_step_learning_rate_seed0 Sun Aug 30 12:13:23 PM +06 2026 ===
=== DONE: tgies_cifar10_resnet18_SGD_step_learning_rate_seed0 exit=0 Sun Aug 30 12:25:42 PM +06 2026 ===
########## SGD_cosine_learning_rate ##########
=== RUN: baseline_cifar10_resnet18_SGD_cosine_learning_rate_seed0 Sun Aug 30 12:25:42 PM +06 2026 ===
=== DONE: baseline_cifar10_resnet18_SGD_cosine_learning_rate_seed0 exit=0 Sun Aug 30 12:40:56 PM +06 2026 ===
=== RUN: ies_shipped_cifar10_resnet18_SGD_cosine_learning_rate_seed0 Sun Aug 30 12:40:56 PM +06 2026 ===
=== DONE: ies_shipped_cifar10_resnet18_SGD_cosine_learning_rate_seed0 exit=0 Sun Aug 30 12:56:02 PM +06 2026 ===
=== RUN: ies_alg1_cifar10_resnet18_SGD_cosine_learning_rate_seed0 Sun Aug 30 12:56:02 PM +06 2026 ===
=== DONE: ies_alg1_cifar10_resnet18_SGD_cosine_learning_rate_seed0 exit=0 Sun Aug 30 01:10:44 PM +06 2026 ===
=== RUN: tgies_cifar10_resnet18_SGD_cosine_learning_rate_seed0 Sun Aug 30 01:10:44 PM +06 2026 ===
=== DONE: tgies_cifar10_resnet18_SGD_cosine_learning_rate_seed0 exit=0 Sun Aug 30 01:24:52 PM +06 2026 ===
RUN_LR_SWEEP_ALL_DONE Sun Aug 30 01:24:52 PM +06 2026
=== RUN: drift_term_run.py --schedule SGD_exponential_learning_rate Sun Aug 30 01:24:52 PM +06 2026 ===
=== DONE: drift_term_run.py --schedule SGD_exponential_learning_rate exit=0 Sun Aug 30 01:53:04 PM +06 2026 ===
=== RUN: drift_term_run.py --schedule SGD_fixed_learning_rate Sun Aug 30 01:53:04 PM +06 2026 ===
=== DONE: drift_term_run.py --schedule SGD_fixed_learning_rate exit=0 Sun Aug 30 02:21:14 PM +06 2026 ===
=== RUN: drift_term_run.py --schedule Adam Sun Aug 30 02:21:14 PM +06 2026 ===
=== DONE: drift_term_run.py --schedule Adam exit=0 Sun Aug 30 02:49:43 PM +06 2026 ===
P2_P3_CHAIN_ALL_DONE Sun Aug 30 02:49:43 PM +06 2026
