=== run_new_baselines_and_sensitivity.sh START Mon Aug 24 12:38:12 PM +06 2026 (MAXJOBS=3) ===
=== LAUNCH: infobatch_cifar10_resnet18_SGD_exponential_learning_rate_seed0 Mon Aug 24 12:38:12 PM +06 2026 ===
=== LAUNCH: infobatch_cifar10_resnet18_SGD_exponential_learning_rate_seed1 Mon Aug 24 12:38:12 PM +06 2026 ===
=== LAUNCH: infobatch_cifar10_resnet18_SGD_exponential_learning_rate_seed2 Mon Aug 24 12:38:12 PM +06 2026 ===
=== DONE: infobatch_cifar10_resnet18_SGD_exponential_learning_rate_seed1 exit=0 Mon Aug 24 01:23:01 PM +06 2026 ===
=== LAUNCH: bls_infobatch_cifar10_resnet18_SGD_exponential_learning_rate_seed0 Mon Aug 24 01:23:01 PM +06 2026 ===
=== DONE: infobatch_cifar10_resnet18_SGD_exponential_learning_rate_seed2 exit=0 Mon Aug 24 01:23:02 PM +06 2026 ===
=== LAUNCH: bls_infobatch_cifar10_resnet18_SGD_exponential_learning_rate_seed1 Mon Aug 24 01:23:02 PM +06 2026 ===
=== DONE: infobatch_cifar10_resnet18_SGD_exponential_learning_rate_seed0 exit=0 Mon Aug 24 01:23:02 PM +06 2026 ===
=== LAUNCH: bls_infobatch_cifar10_resnet18_SGD_exponential_learning_rate_seed2 Mon Aug 24 01:23:02 PM +06 2026 ===
=== DONE: bls_infobatch_cifar10_resnet18_SGD_exponential_learning_rate_seed1 exit=0 Mon Aug 24 01:56:14 PM +06 2026 ===
=== LAUNCH: alignprune_cifar10_resnet18_SGD_exponential_learning_rate_seed0 Mon Aug 24 01:56:14 PM +06 2026 ===
=== DONE: bls_infobatch_cifar10_resnet18_SGD_exponential_learning_rate_seed2 exit=0 Mon Aug 24 01:56:18 PM +06 2026 ===
=== LAUNCH: alignprune_cifar10_resnet18_SGD_exponential_learning_rate_seed1 Mon Aug 24 01:56:18 PM +06 2026 ===
=== DONE: bls_infobatch_cifar10_resnet18_SGD_exponential_learning_rate_seed0 exit=0 Mon Aug 24 01:56:18 PM +06 2026 ===
=== LAUNCH: alignprune_cifar10_resnet18_SGD_exponential_learning_rate_seed2 Mon Aug 24 01:56:18 PM +06 2026 ===
=== DONE: alignprune_cifar10_resnet18_SGD_exponential_learning_rate_seed0 exit=0 Mon Aug 24 02:29:32 PM +06 2026 ===
=== DONE: alignprune_cifar10_resnet18_SGD_exponential_learning_rate_seed1 exit=0 Mon Aug 24 02:29:40 PM +06 2026 ===
=== DONE: alignprune_cifar10_resnet18_SGD_exponential_learning_rate_seed2 exit=0 Mon Aug 24 02:29:40 PM +06 2026 ===
=== LAUNCH: infobatch_cifar10_vgg16_SGD_exponential_learning_rate_seed0 Mon Aug 24 02:29:40 PM +06 2026 ===
=== LAUNCH: bls_infobatch_cifar10_vgg16_SGD_exponential_learning_rate_seed0 Mon Aug 24 02:29:40 PM +06 2026 ===
=== LAUNCH: alignprune_cifar10_vgg16_SGD_exponential_learning_rate_seed0 Mon Aug 24 02:29:40 PM +06 2026 ===
=== DONE: infobatch_cifar10_vgg16_SGD_exponential_learning_rate_seed0 exit=0 Mon Aug 24 02:52:36 PM +06 2026 ===
=== DONE: bls_infobatch_cifar10_vgg16_SGD_exponential_learning_rate_seed0 exit=0 Mon Aug 24 02:53:11 PM +06 2026 ===
=== DONE: alignprune_cifar10_vgg16_SGD_exponential_learning_rate_seed0 exit=0 Mon Aug 24 02:54:56 PM +06 2026 ===
=== LAUNCH: infobatch_cifar100_resnet18_SGD_exponential_learning_rate_seed0 Mon Aug 24 02:54:56 PM +06 2026 ===
=== LAUNCH: bls_infobatch_cifar100_resnet18_SGD_exponential_learning_rate_seed0 Mon Aug 24 02:54:56 PM +06 2026 ===
=== LAUNCH: alignprune_cifar100_resnet18_SGD_exponential_learning_rate_seed0 Mon Aug 24 02:54:56 PM +06 2026 ===
=== DONE: infobatch_cifar100_resnet18_SGD_exponential_learning_rate_seed0 exit=0 Mon Aug 24 03:22:33 PM +06 2026 ===
=== DONE: bls_infobatch_cifar100_resnet18_SGD_exponential_learning_rate_seed0 exit=0 Mon Aug 24 03:23:43 PM +06 2026 ===
=== DONE: alignprune_cifar100_resnet18_SGD_exponential_learning_rate_seed0 exit=0 Mon Aug 24 03:25:05 PM +06 2026 ===
=== NEW_BASELINES_ALL_DONE Mon Aug 24 03:25:05 PM +06 2026 ===
=== LAUNCH: tgies_cifar10_vgg16_SGD_exponential_learning_rate_seed0_epspct5 Mon Aug 24 03:25:05 PM +06 2026 ===
=== LAUNCH: tgies_cifar10_resnet18_SGD_exponential_learning_rate_seed0_epspct5 Mon Aug 24 03:25:05 PM +06 2026 ===
=== LAUNCH: tgies_cifar10_vgg16_SGD_exponential_learning_rate_seed0_epspct10 Mon Aug 24 03:25:05 PM +06 2026 ===
=== DONE: tgies_cifar10_resnet18_SGD_exponential_learning_rate_seed0_epspct5 exit=0 Mon Aug 24 03:49:02 PM +06 2026 ===
=== LAUNCH: tgies_cifar10_resnet18_SGD_exponential_learning_rate_seed0_epspct10 Mon Aug 24 03:49:02 PM +06 2026 ===
=== DONE: tgies_cifar10_vgg16_SGD_exponential_learning_rate_seed0_epspct5 exit=0 Mon Aug 24 03:49:03 PM +06 2026 ===
=== LAUNCH: tgies_cifar10_vgg16_SGD_exponential_learning_rate_seed0_epspct20 Mon Aug 24 03:49:03 PM +06 2026 ===
=== DONE: tgies_cifar10_vgg16_SGD_exponential_learning_rate_seed0_epspct10 exit=0 Mon Aug 24 03:49:05 PM +06 2026 ===
=== LAUNCH: tgies_cifar10_resnet18_SGD_exponential_learning_rate_seed0_epspct20 Mon Aug 24 03:49:05 PM +06 2026 ===
=== DONE: tgies_cifar10_resnet18_SGD_exponential_learning_rate_seed0_epspct10 exit=0 Mon Aug 24 04:14:16 PM +06 2026 ===
=== LAUNCH: tgies_cifar10_vgg16_SGD_exponential_learning_rate_seed0_epspct35 Mon Aug 24 04:14:16 PM +06 2026 ===
=== DONE: tgies_cifar10_resnet18_SGD_exponential_learning_rate_seed0_epspct20 exit=0 Mon Aug 24 04:14:17 PM +06 2026 ===
=== LAUNCH: tgies_cifar10_resnet18_SGD_exponential_learning_rate_seed0_epspct35 Mon Aug 24 04:14:17 PM +06 2026 ===
=== DONE: tgies_cifar10_vgg16_SGD_exponential_learning_rate_seed0_epspct20 exit=0 Mon Aug 24 04:14:22 PM +06 2026 ===
=== LAUNCH: tgies_cifar10_vgg16_SGD_exponential_learning_rate_seed0_epspct50 Mon Aug 24 04:14:22 PM +06 2026 ===
=== DONE: tgies_cifar10_resnet18_SGD_exponential_learning_rate_seed0_epspct35 exit=0 Mon Aug 24 04:38:27 PM +06 2026 ===
=== LAUNCH: tgies_cifar10_resnet18_SGD_exponential_learning_rate_seed0_epspct50 Mon Aug 24 04:38:27 PM +06 2026 ===
=== DONE: tgies_cifar10_vgg16_SGD_exponential_learning_rate_seed0_epspct35 exit=0 Mon Aug 24 04:38:27 PM +06 2026 ===
=== LAUNCH: tgies_cifar10_vgg16_SGD_exponential_learning_rate_seed0_epspct80 Mon Aug 24 04:38:27 PM +06 2026 ===
=== DONE: tgies_cifar10_vgg16_SGD_exponential_learning_rate_seed0_epspct50 exit=0 Mon Aug 24 04:38:29 PM +06 2026 ===
=== LAUNCH: tgies_cifar10_resnet18_SGD_exponential_learning_rate_seed0_epspct80 Mon Aug 24 04:38:29 PM +06 2026 ===
=== DONE: tgies_cifar10_vgg16_SGD_exponential_learning_rate_seed0_epspct80 exit=0 Mon Aug 24 05:03:44 PM +06 2026 ===
=== DONE: tgies_cifar10_resnet18_SGD_exponential_learning_rate_seed0_epspct80 exit=0 Mon Aug 24 05:03:48 PM +06 2026 ===
=== DONE: tgies_cifar10_resnet18_SGD_exponential_learning_rate_seed0_epspct50 exit=0 Mon Aug 24 05:03:48 PM +06 2026 ===
=== SENSITIVITY_SWEEP_ALL_DONE Mon Aug 24 05:03:48 PM +06 2026 ===
=== run_new_baselines_and_sensitivity.sh ALL_DONE Mon Aug 24 05:03:48 PM +06 2026 ===
