########## PRIMARY: resnet18 / SGD(E) / seeds 0,1,2 ##########
SKIP (already complete): baseline_cifar10_resnet18_SGD_exponential_learning_rate_seed0
SKIP (already complete): ies_shipped_cifar10_resnet18_SGD_exponential_learning_rate_seed0
SKIP (already complete): ies_alg1_cifar10_resnet18_SGD_exponential_learning_rate_seed0
=== RUN: method=tgies model=resnet18 opt=SGD_exponential_learning_rate seed=0 tag= Wed Jul 29 05:28:20 PM +06 2026 ===
=== DONE: tgies_cifar10_resnet18_SGD_exponential_learning_rate_seed0 exit=0 Wed Jul 29 05:40:22 PM +06 2026 ===
SKIP (already complete): baseline_cifar10_resnet18_SGD_exponential_learning_rate_seed1
SKIP (already complete): ies_shipped_cifar10_resnet18_SGD_exponential_learning_rate_seed1
SKIP (already complete): ies_alg1_cifar10_resnet18_SGD_exponential_learning_rate_seed1
=== RUN: method=tgies model=resnet18 opt=SGD_exponential_learning_rate seed=1 tag= Wed Jul 29 05:40:22 PM +06 2026 ===
Terminated
=== DONE: tgies_cifar10_resnet18_SGD_exponential_learning_rate_seed1 exit=143 Wed Jul 29 05:42:55 PM +06 2026 ===
SKIP (already complete): baseline_cifar10_resnet18_SGD_exponential_learning_rate_seed2
SKIP (already complete): ies_shipped_cifar10_resnet18_SGD_exponential_learning_rate_seed2
SKIP (already complete): ies_alg1_cifar10_resnet18_SGD_exponential_learning_rate_seed2
=== RUN: method=tgies model=resnet18 opt=SGD_exponential_learning_rate seed=2 tag= Wed Jul 29 05:42:55 PM +06 2026 ===
Terminated
=== DONE: tgies_cifar10_resnet18_SGD_exponential_learning_rate_seed2 exit=143 Wed Jul 29 05:43:14 PM +06 2026 ===
########## SECONDARY A: vgg16 / SGD(E) / seed 0 ##########
SKIP (already complete): baseline_cifar10_vgg16_SGD_exponential_learning_rate_seed0
SKIP (already complete): ies_shipped_cifar10_vgg16_SGD_exponential_learning_rate_seed0
SKIP (already complete): ies_alg1_cifar10_vgg16_SGD_exponential_learning_rate_seed0
SKIP (already complete): tgies_cifar10_vgg16_SGD_exponential_learning_rate_seed0
########## SECONDARY B: resnet18 / SGD(F) / seed 0 ##########
SKIP (already complete): baseline_cifar10_resnet18_SGD_fixed_learning_rate_seed0
SKIP (already complete): ies_shipped_cifar10_resnet18_SGD_fixed_learning_rate_seed0
SKIP (already complete): ies_alg1_cifar10_resnet18_SGD_fixed_learning_rate_seed0
SKIP (already complete): tgies_cifar10_resnet18_SGD_fixed_learning_rate_seed0
RUN_MATRIX_ALL_DONE Wed Jul 29 05:43:14 PM +06 2026
