########## PRIMARY: resnet18 / SGD(E) / seeds 0,1,2 ##########
SKIP (already complete): baseline_cifar10_resnet18_SGD_exponential_learning_rate_seed0
SKIP (already complete): ies_shipped_cifar10_resnet18_SGD_exponential_learning_rate_seed0
SKIP (already complete): ies_alg1_cifar10_resnet18_SGD_exponential_learning_rate_seed0
SKIP (already complete): tgies_cifar10_resnet18_SGD_exponential_learning_rate_seed0
SKIP (already complete): baseline_cifar10_resnet18_SGD_exponential_learning_rate_seed1
SKIP (already complete): ies_shipped_cifar10_resnet18_SGD_exponential_learning_rate_seed1
SKIP (already complete): ies_alg1_cifar10_resnet18_SGD_exponential_learning_rate_seed1
=== RUN: method=tgies model=resnet18 opt=SGD_exponential_learning_rate seed=1 tag= Thu Jul 30 10:17:10 AM +06 2026 ===
=== DONE: tgies_cifar10_resnet18_SGD_exponential_learning_rate_seed1 exit=0 Thu Jul 30 10:28:30 AM +06 2026 ===
SKIP (already complete): baseline_cifar10_resnet18_SGD_exponential_learning_rate_seed2
SKIP (already complete): ies_shipped_cifar10_resnet18_SGD_exponential_learning_rate_seed2
SKIP (already complete): ies_alg1_cifar10_resnet18_SGD_exponential_learning_rate_seed2
=== RUN: method=tgies model=resnet18 opt=SGD_exponential_learning_rate seed=2 tag= Thu Jul 30 10:28:30 AM +06 2026 ===
=== DONE: tgies_cifar10_resnet18_SGD_exponential_learning_rate_seed2 exit=0 Thu Jul 30 10:40:12 AM +06 2026 ===
########## SECONDARY A: vgg16 / SGD(E) / seed 0 ##########
SKIP (already complete): baseline_cifar10_vgg16_SGD_exponential_learning_rate_seed0
SKIP (already complete): ies_shipped_cifar10_vgg16_SGD_exponential_learning_rate_seed0
SKIP (already complete): ies_alg1_cifar10_vgg16_SGD_exponential_learning_rate_seed0
SKIP (already complete): tgies_cifar10_vgg16_SGD_exponential_learning_rate_seed0
########## SECONDARY B: resnet18 / SGD(F) / seed 0 ##########
SKIP (already complete): baseline_cifar10_resnet18_SGD_fixed_learning_rate_seed0
SKIP (already complete): ies_shipped_cifar10_resnet18_SGD_fixed_learning_rate_seed0
SKIP (already complete): ies_alg1_cifar10_resnet18_SGD_fixed_learning_rate_seed0
SKIP (already complete): tgies_cifar10_resnet18_SGD_fixed_learning_rate_seed0
RUN_MATRIX_ALL_DONE Thu Jul 30 10:40:12 AM +06 2026
