########## PRIMARY: resnet18 / SGD(E) / seeds 0,1,2 ##########
SKIP (already complete): baseline_cifar10_resnet18_SGD_exponential_learning_rate_seed0
=== RUN: method=ies_shipped model=resnet18 opt=SGD_exponential_learning_rate seed=0 tag= Wed Jul 29 12:57:25 PM +06 2026 ===
=== DONE: ies_shipped_cifar10_resnet18_SGD_exponential_learning_rate_seed0 exit=0 Wed Jul 29 01:10:47 PM +06 2026 ===
=== RUN: method=ies_alg1 model=resnet18 opt=SGD_exponential_learning_rate seed=0 tag= Wed Jul 29 01:10:47 PM +06 2026 ===
=== DONE: ies_alg1_cifar10_resnet18_SGD_exponential_learning_rate_seed0 exit=0 Wed Jul 29 01:23:03 PM +06 2026 ===
=== RUN: method=tgies model=resnet18 opt=SGD_exponential_learning_rate seed=0 tag= Wed Jul 29 01:23:03 PM +06 2026 ===
=== DONE: tgies_cifar10_resnet18_SGD_exponential_learning_rate_seed0 exit=0 Wed Jul 29 01:41:12 PM +06 2026 ===
=== RUN: method=baseline model=resnet18 opt=SGD_exponential_learning_rate seed=1 tag= Wed Jul 29 01:41:12 PM +06 2026 ===
=== DONE: baseline_cifar10_resnet18_SGD_exponential_learning_rate_seed1 exit=0 Wed Jul 29 01:56:57 PM +06 2026 ===
=== RUN: method=ies_shipped model=resnet18 opt=SGD_exponential_learning_rate seed=1 tag= Wed Jul 29 01:56:57 PM +06 2026 ===
=== DONE: ies_shipped_cifar10_resnet18_SGD_exponential_learning_rate_seed1 exit=0 Wed Jul 29 02:09:36 PM +06 2026 ===
=== RUN: method=ies_alg1 model=resnet18 opt=SGD_exponential_learning_rate seed=1 tag= Wed Jul 29 02:09:36 PM +06 2026 ===
=== DONE: ies_alg1_cifar10_resnet18_SGD_exponential_learning_rate_seed1 exit=0 Wed Jul 29 02:21:51 PM +06 2026 ===
=== RUN: method=tgies model=resnet18 opt=SGD_exponential_learning_rate seed=1 tag= Wed Jul 29 02:21:51 PM +06 2026 ===
=== DONE: tgies_cifar10_resnet18_SGD_exponential_learning_rate_seed1 exit=0 Wed Jul 29 02:40:09 PM +06 2026 ===
=== RUN: method=baseline model=resnet18 opt=SGD_exponential_learning_rate seed=2 tag= Wed Jul 29 02:40:09 PM +06 2026 ===
=== DONE: baseline_cifar10_resnet18_SGD_exponential_learning_rate_seed2 exit=0 Wed Jul 29 02:55:57 PM +06 2026 ===
=== RUN: method=ies_shipped model=resnet18 opt=SGD_exponential_learning_rate seed=2 tag= Wed Jul 29 02:55:57 PM +06 2026 ===
=== DONE: ies_shipped_cifar10_resnet18_SGD_exponential_learning_rate_seed2 exit=0 Wed Jul 29 03:08:35 PM +06 2026 ===
=== RUN: method=ies_alg1 model=resnet18 opt=SGD_exponential_learning_rate seed=2 tag= Wed Jul 29 03:08:35 PM +06 2026 ===
=== DONE: ies_alg1_cifar10_resnet18_SGD_exponential_learning_rate_seed2 exit=0 Wed Jul 29 03:20:55 PM +06 2026 ===
=== RUN: method=tgies model=resnet18 opt=SGD_exponential_learning_rate seed=2 tag= Wed Jul 29 03:20:55 PM +06 2026 ===
=== DONE: tgies_cifar10_resnet18_SGD_exponential_learning_rate_seed2 exit=0 Wed Jul 29 03:39:13 PM +06 2026 ===
########## SECONDARY A: vgg16 / SGD(E) / seed 0 ##########
=== RUN: method=baseline model=vgg16 opt=SGD_exponential_learning_rate seed=0 tag= Wed Jul 29 03:39:13 PM +06 2026 ===
=== DONE: baseline_cifar10_vgg16_SGD_exponential_learning_rate_seed0 exit=0 Wed Jul 29 03:54:59 PM +06 2026 ===
=== RUN: method=ies_shipped model=vgg16 opt=SGD_exponential_learning_rate seed=0 tag= Wed Jul 29 03:54:59 PM +06 2026 ===
=== DONE: ies_shipped_cifar10_vgg16_SGD_exponential_learning_rate_seed0 exit=0 Wed Jul 29 04:08:15 PM +06 2026 ===
=== RUN: method=ies_alg1 model=vgg16 opt=SGD_exponential_learning_rate seed=0 tag= Wed Jul 29 04:08:15 PM +06 2026 ===
=== DONE: ies_alg1_cifar10_vgg16_SGD_exponential_learning_rate_seed0 exit=0 Wed Jul 29 04:19:41 PM +06 2026 ===
=== RUN: method=tgies model=vgg16 opt=SGD_exponential_learning_rate seed=0 tag= Wed Jul 29 04:19:41 PM +06 2026 ===
=== DONE: tgies_cifar10_vgg16_SGD_exponential_learning_rate_seed0 exit=0 Wed Jul 29 04:34:55 PM +06 2026 ===
########## SECONDARY B: resnet18 / SGD(F) / seed 0 ##########
=== RUN: method=baseline model=resnet18 opt=SGD_fixed_learning_rate seed=0 tag= Wed Jul 29 04:34:55 PM +06 2026 ===
=== DONE: baseline_cifar10_resnet18_SGD_fixed_learning_rate_seed0 exit=0 Wed Jul 29 04:50:39 PM +06 2026 ===
=== RUN: method=ies_shipped model=resnet18 opt=SGD_fixed_learning_rate seed=0 tag= Wed Jul 29 04:50:39 PM +06 2026 ===
=== DONE: ies_shipped_cifar10_resnet18_SGD_fixed_learning_rate_seed0 exit=0 Wed Jul 29 05:03:24 PM +06 2026 ===
=== RUN: method=ies_alg1 model=resnet18 opt=SGD_fixed_learning_rate seed=0 tag= Wed Jul 29 05:03:24 PM +06 2026 ===
=== DONE: ies_alg1_cifar10_resnet18_SGD_fixed_learning_rate_seed0 exit=0 Wed Jul 29 05:15:44 PM +06 2026 ===
=== RUN: method=tgies model=resnet18 opt=SGD_fixed_learning_rate seed=0 tag= Wed Jul 29 05:15:44 PM +06 2026 ===
=== DONE: tgies_cifar10_resnet18_SGD_fixed_learning_rate_seed0 exit=0 Wed Jul 29 05:28:17 PM +06 2026 ===
RUN_MATRIX_ALL_DONE Wed Jul 29 05:28:17 PM +06 2026
